[07/08/2026 12:15:10] Erreur lors du fetch solaire: TypeError: fetch failed
    at node:internal/deps/undici/undici:15157:13
    at process.processTicksAndRejections (node:internal/process/task_queues:103:5)
    at async connectSMA (file:///data/src/plugins/Solar_Wash/modbus_solar.js:8:26)
    at async fetchSolarData (file:///data/src/plugins/Solar_Wash/modbus_solar.js:68:23) {
  [cause]: ConnectTimeoutError: Connect Timeout Error (attempted address: 192.168.0.194:80, timeout: 10000ms)
      at onConnectTimeout (node:internal/deps/undici/undici:2761:28)
      at Immediate._onImmediate (node:internal/deps/undici/undici:2742:11)
      at process.processImmediate (node:internal/timers:484:21) {
    code: 'UND_ERR_CONNECT_TIMEOUT',
    [Symbol(undici.error.UND_ERR)]: true,
    [Symbol(undici.error.UND_ERR_CONNECT_TIMEOUT)]: true
  }
}
[07/08/2026 12:30:45] Miele PUT :deviceId/programs error response Response {
  status: 400,
  statusText: 'Bad Request',
  headers: Headers {
    date: 'Fri, 07 Aug 2026 10:30:45 GMT',
    'content-type': 'application/json',
    'content-length': '38',
    connection: 'keep-alive',
    'access-control-allow-credentials': 'true',
    'access-control-allow-headers': 'DNT,X-CustomHeader,Keep-Alive,User-Agent,X-Requested-With,If-Modified-Since,Cache-Control,Content-Type,Authorization,X-Client-Identifier',
    'access-control-allow-methods': 'GET, PUT, POST, OPTIONS',
    'access-control-allow-origin': '*',
    'strict-transport-security': 'max-age=31536000; includeSubDomains',
    'x-environment': 'mcs-eu-prod-std, mcs-eu-prod-default'
  },
  body: ReadableStream { locked: true, state: 'closed', supportsBYOB: true },
  bodyUsed: true,
  ok: false,
  redirected: false,
  type: 'basic',
  url: 'https://api.mcs3.miele.com/v1/devices/000185936843/programs'
}
[07/08/2026 12:31:28] Miele PUT :deviceId/programs error response Response {
  status: 400,
  statusText: 'Bad Request',
  headers: Headers {
    date: 'Fri, 07 Aug 2026 10:31:28 GMT',
    'content-type': 'application/json',
    'content-length': '38',
    connection: 'keep-alive',
    'access-control-allow-credentials': 'true',
    'access-control-allow-headers': 'DNT,X-CustomHeader,Keep-Alive,User-Agent,X-Requested-With,If-Modified-Since,Cache-Control,Content-Type,Authorization,X-Client-Identifier',
    'access-control-allow-methods': 'GET, PUT, POST, OPTIONS',
    'access-control-allow-origin': '*',
    'strict-transport-security': 'max-age=31536000; includeSubDomains',
    'x-environment': 'mcs-eu-prod-std, mcs-eu-prod-default'
  },
  body: ReadableStream { locked: true, state: 'closed', supportsBYOB: true },
  bodyUsed: true,
  ok: false,
  redirected: false,
  type: 'basic',
  url: 'https://api.mcs3.miele.com/v1/devices/000185936843/programs'
}
[07/08/2026 12:31:39] Miele PUT :deviceId/programs error response Response {
  status: 400,
  statusText: 'Bad Request',
  headers: Headers {
    date: 'Fri, 07 Aug 2026 10:31:39 GMT',
    'content-type': 'application/json',
    'content-length': '38',
    connection: 'keep-alive',
    'access-control-allow-credentials': 'true',
    'access-control-allow-headers': 'DNT,X-CustomHeader,Keep-Alive,User-Agent,X-Requested-With,If-Modified-Since,Cache-Control,Content-Type,Authorization,X-Client-Identifier',
    'access-control-allow-methods': 'GET, PUT, POST, OPTIONS',
    'access-control-allow-origin': '*',
    'strict-transport-security': 'max-age=31536000; includeSubDomains',
    'x-environment': 'mcs-eu-prod-std, mcs-eu-prod-default'
  },
  body: ReadableStream { locked: true, state: 'closed', supportsBYOB: true },
  bodyUsed: true,
  ok: false,
  redirected: false,
  type: 'basic',
  url: 'https://api.mcs3.miele.com/v1/devices/000185936843/programs'
}
[07/08/2026 12:34:13] Miele PUT :deviceId/programs error response Response {
  status: 400,
  statusText: 'Bad Request',
  headers: Headers {
    date: 'Fri, 07 Aug 2026 10:34:13 GMT',
    'content-type': 'application/json',
    'content-length': '38',
    connection: 'keep-alive',
    'access-control-allow-credentials': 'true',
    'access-control-allow-headers': 'DNT,X-CustomHeader,Keep-Alive,User-Agent,X-Requested-With,If-Modified-Since,Cache-Control,Content-Type,Authorization,X-Client-Identifier',
    'access-control-allow-methods': 'GET, PUT, POST, OPTIONS',
    'access-control-allow-origin': '*',
    'strict-transport-security': 'max-age=31536000; includeSubDomains',
    'x-environment': 'mcs-eu-prod-std, mcs-eu-prod-default'
  },
  body: ReadableStream { locked: true, state: 'closed', supportsBYOB: true },
  bodyUsed: true,
  ok: false,
  redirected: false,
  type: 'basic',
  url: 'https://api.mcs3.miele.com/v1/devices/000185936843/programs'
}
[07/08/2026 12:34:57] Miele PUT :deviceId/programs error response Response {
  status: 400,
  statusText: 'Bad Request',
  headers: Headers {
    date: 'Fri, 07 Aug 2026 10:34:57 GMT',
    'content-type': 'application/json',
    'content-length': '38',
    connection: 'keep-alive',
    'access-control-allow-credentials': 'true',
    'access-control-allow-headers': 'DNT,X-CustomHeader,Keep-Alive,User-Agent,X-Requested-With,If-Modified-Since,Cache-Control,Content-Type,Authorization,X-Client-Identifier',
    'access-control-allow-methods': 'GET, PUT, POST, OPTIONS',
    'access-control-allow-origin': '*',
    'strict-transport-security': 'max-age=31536000; includeSubDomains',
    'x-environment': 'mcs-eu-prod-std, mcs-eu-prod-default'
  },
  body: ReadableStream { locked: true, state: 'closed', supportsBYOB: true },
  bodyUsed: true,
  ok: false,
  redirected: false,
  type: 'basic',
  url: 'https://api.mcs3.miele.com/v1/devices/000185936843/programs'
}
[07/08/2026 12:36:56] Miele PUT :deviceId/programs error response Response {
  status: 400,
  statusText: 'Bad Request',
  headers: Headers {
    date: 'Fri, 07 Aug 2026 10:36:56 GMT',
    'content-type': 'application/json',
    'content-length': '38',
    connection: 'keep-alive',
    'access-control-allow-credentials': 'true',
    'access-control-allow-headers': 'DNT,X-CustomHeader,Keep-Alive,User-Agent,X-Requested-With,If-Modified-Since,Cache-Control,Content-Type,Authorization,X-Client-Identifier',
    'access-control-allow-methods': 'GET, PUT, POST, OPTIONS',
    'access-control-allow-origin': '*',
    'strict-transport-security': 'max-age=31536000; includeSubDomains',
    'x-environment': 'mcs-eu-prod-std, mcs-eu-prod-default'
  },
  body: ReadableStream { locked: true, state: 'closed', supportsBYOB: true },
  bodyUsed: true,
  ok: false,
  redirected: false,
  type: 'basic',
  url: 'https://api.mcs3.miele.com/v1/devices/000185936843/programs'
}
[07/08/2026 12:36:59] Miele PUT :deviceId/programs error response Response {
  status: 400,
  statusText: 'Bad Request',
  headers: Headers {
    date: 'Fri, 07 Aug 2026 10:36:59 GMT',
    'content-type': 'application/json',
    'content-length': '38',
    connection: 'keep-alive',
    'access-control-allow-credentials': 'true',
    'access-control-allow-headers': 'DNT,X-CustomHeader,Keep-Alive,User-Agent,X-Requested-With,If-Modified-Since,Cache-Control,Content-Type,Authorization,X-Client-Identifier',
    'access-control-allow-methods': 'GET, PUT, POST, OPTIONS',
    'access-control-allow-origin': '*',
    'strict-transport-security': 'max-age=31536000; includeSubDomains',
    'x-environment': 'mcs-eu-prod-std, mcs-eu-prod-default'
  },
  body: ReadableStream { locked: true, state: 'closed', supportsBYOB: true },
  bodyUsed: true,
  ok: false,
  redirected: false,
  type: 'basic',
  url: 'https://api.mcs3.miele.com/v1/devices/000185936843/programs'
}
[07/08/2026 12:37:02] Miele PUT :deviceId/programs error response Response {
  status: 400,
  statusText: 'Bad Request',
  headers: Headers {
    date: 'Fri, 07 Aug 2026 10:37:02 GMT',
    'content-type': 'application/json',
    'content-length': '38',
    connection: 'keep-alive',
    'access-control-allow-credentials': 'true',
    'access-control-allow-headers': 'DNT,X-CustomHeader,Keep-Alive,User-Agent,X-Requested-With,If-Modified-Since,Cache-Control,Content-Type,Authorization,X-Client-Identifier',
    'access-control-allow-methods': 'GET, PUT, POST, OPTIONS',
    'access-control-allow-origin': '*',
    'strict-transport-security': 'max-age=31536000; includeSubDomains',
    'x-environment': 'mcs-eu-prod-std, mcs-eu-prod-default'
  },
  body: ReadableStream { locked: true, state: 'closed', supportsBYOB: true },
  bodyUsed: true,
  ok: false,
  redirected: false,
  type: 'basic',
  url: 'https://api.mcs3.miele.com/v1/devices/000185936843/programs'
}
[07/08/2026 12:47:45] Miele PUT :deviceId/programs error response Response {
  status: 204,
  statusText: 'No Content',
  headers: Headers {
    date: 'Fri, 07 Aug 2026 10:47:45 GMT',
    'content-type': 'application/octet-stream',
    connection: 'keep-alive',
    'access-control-allow-credentials': 'true',
    'access-control-allow-headers': 'DNT,X-CustomHeader,Keep-Alive,User-Agent,X-Requested-With,If-Modified-Since,Cache-Control,Content-Type,Authorization,X-Client-Identifier',
    'access-control-allow-methods': 'GET, PUT, POST, OPTIONS',
    'access-control-allow-origin': '*',
    'strict-transport-security': 'max-age=31536000; includeSubDomains',
    'x-environment': 'mcs-eu-prod-std, mcs-eu-prod-default'
  },
  body: null,
  bodyUsed: false,
  ok: true,
  redirected: false,
  type: 'basic',
  url: 'https://api.mcs3.miele.com/v1/devices/000185936843/programs'
}
[07/08/2026 12:50:20] Miele PUT :deviceId/programs error response Response {
  status: 204,
  statusText: 'No Content',
  headers: Headers {
    date: 'Fri, 07 Aug 2026 10:50:20 GMT',
    'content-type': 'application/octet-stream',
    connection: 'keep-alive',
    'access-control-allow-credentials': 'true',
    'access-control-allow-headers': 'DNT,X-CustomHeader,Keep-Alive,User-Agent,X-Requested-With,If-Modified-Since,Cache-Control,Content-Type,Authorization,X-Client-Identifier',
    'access-control-allow-methods': 'GET, PUT, POST, OPTIONS',
    'access-control-allow-origin': '*',
    'strict-transport-security': 'max-age=31536000; includeSubDomains',
    'x-environment': 'mcs-eu-prod-std, mcs-eu-prod-default'
  },
  body: null,
  bodyUsed: false,
  ok: true,
  redirected: false,
  type: 'basic',
  url: 'https://api.mcs3.miele.com/v1/devices/000185936843/programs'
}
[07/08/2026 13:06:56] Miele PUT :deviceId/programs error response Response {
  status: 400,
  statusText: 'Bad Request',
  headers: Headers {
    date: 'Fri, 07 Aug 2026 11:06:56 GMT',
    'content-type': 'application/json',
    'content-length': '76',
    connection: 'keep-alive',
    'access-control-allow-credentials': 'true',
    'access-control-allow-headers': 'DNT,X-CustomHeader,Keep-Alive,User-Agent,X-Requested-With,If-Modified-Since,Cache-Control,Content-Type,Authorization,X-Client-Identifier',
    'access-control-allow-methods': 'GET, PUT, POST, OPTIONS',
    'access-control-allow-origin': '*',
    'strict-transport-security': 'max-age=31536000; includeSubDomains',
    'x-environment': 'mcs-eu-prod-std, mcs-eu-prod-default'
  },
  body: ReadableStream { locked: false, state: 'readable', supportsBYOB: true },
  bodyUsed: false,
  ok: false,
  redirected: false,
  type: 'basic',
  url: 'https://api.mcs3.miele.com/v1/devices/000185936843/programs'
}
[07/08/2026 13:06:56] Miele PUT :deviceId/programs error response Response {
  status: 400,
  statusText: 'Bad Request',
  headers: Headers {
    date: 'Fri, 07 Aug 2026 11:06:56 GMT',
    'content-type': 'application/json',
    'content-length': '76',
    connection: 'keep-alive',
    'access-control-allow-credentials': 'true',
    'access-control-allow-headers': 'DNT,X-CustomHeader,Keep-Alive,User-Agent,X-Requested-With,If-Modified-Since,Cache-Control,Content-Type,Authorization,X-Client-Identifier',
    'access-control-allow-methods': 'GET, PUT, POST, OPTIONS',
    'access-control-allow-origin': '*',
    'strict-transport-security': 'max-age=31536000; includeSubDomains',
    'x-environment': 'mcs-eu-prod-std, mcs-eu-prod-default'
  },
  body: ReadableStream { locked: true, state: 'closed', supportsBYOB: true },
  bodyUsed: true,
  ok: false,
  redirected: false,
  type: 'basic',
  url: 'https://api.mcs3.miele.com/v1/devices/000185936843/programs'
}
[07/08/2026 13:07:14] Miele PUT :deviceId/programs error response Response {
  status: 204,
  statusText: 'No Content',
  headers: Headers {
    date: 'Fri, 07 Aug 2026 11:07:14 GMT',
    'content-type': 'application/octet-stream',
    connection: 'keep-alive',
    'access-control-allow-credentials': 'true',
    'access-control-allow-headers': 'DNT,X-CustomHeader,Keep-Alive,User-Agent,X-Requested-With,If-Modified-Since,Cache-Control,Content-Type,Authorization,X-Client-Identifier',
    'access-control-allow-methods': 'GET, PUT, POST, OPTIONS',
    'access-control-allow-origin': '*',
    'strict-transport-security': 'max-age=31536000; includeSubDomains',
    'x-environment': 'mcs-eu-prod-std, mcs-eu-prod-default'
  },
  body: null,
  bodyUsed: false,
  ok: true,
  redirected: false,
  type: 'basic',
  url: 'https://api.mcs3.miele.com/v1/devices/000185936843/programs'
}
[07/08/2026 13:13:08] Miele GET :deviceId/actions response Response {
  status: 200,
  statusText: 'OK',
  headers: Headers {
    date: 'Fri, 07 Aug 2026 11:13:08 GMT',
    'content-type': 'application/json',
    'content-length': '211',
    connection: 'keep-alive',
    'access-control-allow-credentials': 'true',
    'access-control-allow-headers': 'DNT,X-CustomHeader,Keep-Alive,User-Agent,X-Requested-With,If-Modified-Since,Cache-Control,Content-Type,Authorization,X-Client-Identifier',
    'access-control-allow-methods': 'GET, PUT, POST, OPTIONS',
    'access-control-allow-origin': '*',
    'strict-transport-security': 'max-age=31536000; includeSubDomains',
    vary: 'Accept-Encoding',
    'x-environment': 'mcs-eu-prod-std, mcs-eu-prod-default'
  },
  body: ReadableStream { locked: false, state: 'readable', supportsBYOB: true },
  bodyUsed: false,
  ok: true,
  redirected: false,
  type: 'basic',
  url: 'https://api.mcs3.miele.com/v1/devices/000185936843/actions'
}
[07/08/2026 13:14:46] Miele GET :deviceId/actions response Response {
  status: 200,
  statusText: 'OK',
  headers: Headers {
    date: 'Fri, 07 Aug 2026 11:14:46 GMT',
    'content-type': 'application/json',
    'content-length': '211',
    connection: 'keep-alive',
    'access-control-allow-credentials': 'true',
    'access-control-allow-headers': 'DNT,X-CustomHeader,Keep-Alive,User-Agent,X-Requested-With,If-Modified-Since,Cache-Control,Content-Type,Authorization,X-Client-Identifier',
    'access-control-allow-methods': 'GET, PUT, POST, OPTIONS',
    'access-control-allow-origin': '*',
    'strict-transport-security': 'max-age=31536000; includeSubDomains',
    vary: 'Accept-Encoding',
    'x-environment': 'mcs-eu-prod-std, mcs-eu-prod-default'
  },
  body: ReadableStream { locked: true, state: 'closed', supportsBYOB: true },
  bodyUsed: true,
  ok: true,
  redirected: false,
  type: 'basic',
  url: 'https://api.mcs3.miele.com/v1/devices/000185936843/actions'
}




[07/08/2026 13:21:58] Miele GET :deviceId/actions response Response {
  status: 200,
  statusText: 'OK',
  headers: Headers {
    date: 'Fri, 07 Aug 2026 11:21:58 GMT',
    'content-type': 'application/json',
    'content-length': '211',
    connection: 'keep-alive',
    'access-control-allow-credentials': 'true',
    'access-control-allow-headers': 'DNT,X-CustomHeader,Keep-Alive,User-Agent,X-Requested-With,If-Modified-Since,Cache-Control,Content-Type,Authorization,X-Client-Identifier',
    'access-control-allow-methods': 'GET, PUT, POST, OPTIONS',
    'access-control-allow-origin': '*',
    'strict-transport-security': 'max-age=31536000; includeSubDomains',
    vary: 'Accept-Encoding',
    'x-environment': 'mcs-eu-prod-std, mcs-eu-prod-default'
  },
  body: ReadableStream { locked: true, state: 'closed', supportsBYOB: true },
  bodyUsed: true,
  ok: true,
  redirected: false,
  type: 'basic',
  url: 'https://api.mcs3.miele.com/v1/devices/000185936843/actions'
} 
 {
  processAction: [],
  light: [],
  ambientLight: [],
  startTime: [],
  ventilationStep: [],
  programId: [],
  targetTemperature: [],
  deviceName: true,
  powerOn: false,
  powerOff: true,
  colors: [],
  modes: [],
  runOnTime: []
}
[07/08/2026 13:24:40] Miele GET :deviceId/actions response Response {
  status: 200,
  statusText: 'OK',
  headers: Headers {
    date: 'Fri, 07 Aug 2026 11:24:40 GMT',
    'content-type': 'application/json',
    'content-length': '211',
    connection: 'keep-alive',
    'access-control-allow-credentials': 'true',
    'access-control-allow-headers': 'DNT,X-CustomHeader,Keep-Alive,User-Agent,X-Requested-With,If-Modified-Since,Cache-Control,Content-Type,Authorization,X-Client-Identifier',
    'access-control-allow-methods': 'GET, PUT, POST, OPTIONS',
    'access-control-allow-origin': '*',
    'strict-transport-security': 'max-age=31536000; includeSubDomains',
    vary: 'Accept-Encoding',
    'x-environment': 'mcs-eu-prod-std, mcs-eu-prod-default'
  },
  body: ReadableStream { locked: true, state: 'closed', supportsBYOB: true },
  bodyUsed: true,
  ok: true,
  redirected: false,
  type: 'basic',
  url: 'https://api.mcs3.miele.com/v1/devices/000185936843/actions'
} 
 {
  processAction: [],
  light: [],
  ambientLight: [],
  startTime: [],
  ventilationStep: [],
  programId: [],
  targetTemperature: [],
  deviceName: true,
  powerOn: false,
  powerOff: true,
  colors: [],
  modes: [],
  runOnTime: []
}
[07/08/2026 13:59:02] Miele PUT :deviceId/programs error response Response {
  status: 204,
  statusText: 'No Content',
  headers: Headers {
    date: 'Fri, 07 Aug 2026 11:59:02 GMT',
    'content-type': 'application/octet-stream',
    connection: 'keep-alive',
    'access-control-allow-credentials': 'true',
    'access-control-allow-headers': 'DNT,X-CustomHeader,Keep-Alive,User-Agent,X-Requested-With,If-Modified-Since,Cache-Control,Content-Type,Authorization,X-Client-Identifier',
    'access-control-allow-methods': 'GET, PUT, POST, OPTIONS',
    'access-control-allow-origin': '*',
    'strict-transport-security': 'max-age=31536000; includeSubDomains',
    'x-environment': 'mcs-eu-prod-std, mcs-eu-prod-default'
  },
  body: null,
  bodyUsed: false,
  ok: true,
  redirected: false,
  type: 'basic',
  url: 'https://api.mcs3.miele.com/v1/devices/000185936843/programs'
}
[07/08/2026 14:05:10] Erreur lors de la connexion SMA:
	 Connect Timeout Error (attempted address: 192.168.0.194:80, timeout: 10000ms)
[07/08/2026 14:05:10] Erreur lors du fetch solaire: TypeError: Cannot read properties of null (reading 'err')
    at fetchSolarData (file:///data/src/plugins/Solar_Wash/modbus_solar.js:65:25)
    at process.processTicksAndRejections (node:internal/process/task_queues:103:5)
[07/08/2026 16:40:10] Erreur lors de la connexion SMA:
	 Connect Timeout Error (attempted address: 192.168.0.194:80, timeout: 10000ms)
[07/08/2026 16:40:10] Erreur lors du fetch solaire: TypeError: Cannot read properties of null (reading 'err')
    at fetchSolarData (file:///data/src/plugins/Solar_Wash/modbus_solar.js:65:25)
    at process.processTicksAndRejections (node:internal/process/task_queues:103:5)
[08/08/2026 07:55:10] Erreur lors de la connexion SMA:
	 Connect Timeout Error (attempted address: 192.168.0.194:80, timeout: 10000ms)
[08/08/2026 07:55:10] Erreur lors du fetch solaire: TypeError: Cannot read properties of null (reading 'err')
    at fetchSolarData (file:///data/src/plugins/Solar_Wash/modbus_solar.js:65:25)
    at process.processTicksAndRejections (node:internal/process/task_queues:103:5)
[08/08/2026 08:35:10] Erreur lors de la connexion SMA:
	 Connect Timeout Error (attempted address: 192.168.0.194:80, timeout: 10000ms)
[08/08/2026 08:35:10] Erreur lors du fetch solaire: TypeError: Cannot read properties of null (reading 'err')
    at fetchSolarData (file:///data/src/plugins/Solar_Wash/modbus_solar.js:65:25)
    at process.processTicksAndRejections (node:internal/process/task_queues:103:5)
[08/08/2026 16:40:10] Erreur lors de la connexion SMA:
	 Connect Timeout Error (attempted address: 192.168.0.194:80, timeout: 10000ms)
[08/08/2026 16:40:10] Erreur lors du fetch solaire: TypeError: Cannot read properties of null (reading 'err')
    at fetchSolarData (file:///data/src/plugins/Solar_Wash/modbus_solar.js:65:25)
    at process.processTicksAndRejections (node:internal/process/task_queues:103:5)
[08/08/2026 17:50:10] Erreur lors de la connexion SMA:
	 Connect Timeout Error (attempted address: 192.168.0.194:80, timeout: 10000ms)
[08/08/2026 17:50:10] Erreur lors du fetch solaire: TypeError: Cannot read properties of null (reading 'err')
    at fetchSolarData (file:///data/src/plugins/Solar_Wash/modbus_solar.js:65:25)
    at process.processTicksAndRejections (node:internal/process/task_queues:103:5)
[08/08/2026 20:35:10] Erreur lors du fetch solaire: TypeError: fetch failed
    at node:internal/deps/undici/undici:15157:13
    at process.processTicksAndRejections (node:internal/process/task_queues:103:5)
    at async connectSMA (file:///data/src/plugins/Solar_Wash/modbus_solar.js:8:26)
    at async fetchSolarData (file:///data/src/plugins/Solar_Wash/modbus_solar.js:68:23) {
  [cause]: ConnectTimeoutError: Connect Timeout Error (attempted address: 192.168.0.194:80, timeout: 10000ms)
      at onConnectTimeout (node:internal/deps/undici/undici:2761:28)
      at Immediate._onImmediate (node:internal/deps/undici/undici:2742:11)
      at process.processImmediate (node:internal/timers:484:21) {
    code: 'UND_ERR_CONNECT_TIMEOUT',
    [Symbol(undici.error.UND_ERR)]: true,
    [Symbol(undici.error.UND_ERR_CONNECT_TIMEOUT)]: true
  }
}
[08/08/2026 20:50:10] Erreur lors de la connexion SMA:
	 Connect Timeout Error (attempted address: 192.168.0.194:80, timeout: 10000ms)
[08/08/2026 20:50:10] Erreur lors du fetch solaire: TypeError: Cannot read properties of null (reading 'err')
    at fetchSolarData (file:///data/src/plugins/Solar_Wash/modbus_solar.js:65:25)
    at process.processTicksAndRejections (node:internal/process/task_queues:103:5)
[08/08/2026 22:10:10] Erreur lors de la connexion SMA:
	 Connect Timeout Error (attempted address: 192.168.0.194:80, timeout: 10000ms)
[08/08/2026 22:10:10] Erreur lors du fetch solaire: TypeError: Cannot read properties of null (reading 'err')
    at fetchSolarData (file:///data/src/plugins/Solar_Wash/modbus_solar.js:65:25)
    at process.processTicksAndRejections (node:internal/process/task_queues:103:5)
[09/08/2026 02:35:00] Erreur lors du fetch solaire: ReferenceError: server is not defined
    at getValuesSMA (file:///data/src/plugins/Solar_Wash/modbus_solar.js:48:9)
    at fetchSolarData (file:///data/src/plugins/Solar_Wash/modbus_solar.js:56:26)
    at cron.schedule.scheduled (file:///data/src/plugins/Solar_Wash/modbus_solar.js:83:9)
    at Runner.onMatch (/data/node_modules/node-cron/dist/esm/tasks/inline-scheduled-task.js:69:20)
    at Timeout._onTimeout (/data/node_modules/node-cron/dist/esm/scheduler/runner.js:70:55)
    at listOnTimeout (node:internal/timers:585:17)
    at process.processTimers (node:internal/timers:521:7)
[09/08/2026 02:50:10] Erreur lors de la connexion SMA:
	 Connect Timeout Error (attempted address: 192.168.0.194:80, timeout: 10000ms)
[09/08/2026 02:50:10] Erreur lors du fetch solaire: TypeError: Cannot read properties of null (reading 'err')
    at fetchSolarData (file:///data/src/plugins/Solar_Wash/modbus_solar.js:61:25)
    at process.processTicksAndRejections (node:internal/process/task_queues:103:5)
[09/08/2026 16:00:10] Erreur lors de la connexion SMA:
	 Connect Timeout Error (attempted address: 192.168.0.194:80, timeout: 10000ms)
[09/08/2026 16:00:10] Erreur lors du fetch solaire: TypeError: Cannot read properties of null (reading 'err')
    at fetchSolarData (file:///data/src/plugins/Solar_Wash/modbus_solar.js:60:25)
    at process.processTicksAndRejections (node:internal/process/task_queues:103:5)
[09/08/2026 19:50:10] Erreur lors de la connexion SMA:
	 Connect Timeout Error (attempted address: 192.168.0.194:80, timeout: 10000ms)
[09/08/2026 19:50:10] Erreur lors du fetch solaire: TypeError: Cannot read properties of null (reading 'err')
    at fetchSolarData (file:///data/src/plugins/Solar_Wash/modbus_solar.js:60:25)
    at process.processTicksAndRejections (node:internal/process/task_queues:103:5)
[09/08/2026 20:05:10] Erreur lors de la connexion SMA:
	 Connect Timeout Error (attempted address: 192.168.0.194:80, timeout: 10000ms)
[09/08/2026 20:05:10] Erreur lors du fetch solaire: TypeError: Cannot read properties of null (reading 'err')
    at fetchSolarData (file:///data/src/plugins/Solar_Wash/modbus_solar.js:60:25)
    at process.processTicksAndRejections (node:internal/process/task_queues:103:5)
[09/08/2026 20:40:10] Erreur lors de la connexion SMA:
	 Connect Timeout Error (attempted address: 192.168.0.194:80, timeout: 10000ms)
[09/08/2026 20:40:10] Erreur lors du fetch solaire: TypeError: Cannot read properties of null (reading 'err')
    at fetchSolarData (file:///data/src/plugins/Solar_Wash/modbus_solar.js:60:25)
    at process.processTicksAndRejections (node:internal/process/task_queues:103:5)
[09/08/2026 22:02:37] Clim inaccessible au démarrage: Command failed: midea-beautiful-air-cli status --ip 192.168.0.205 --key 0b1ea4216f9a4cc18fe278186db1445b63f468cc609e4a87a7e329914f0f54dc --token 57990FD6230F4A418DA83F3CB4D45D8D0D366950C87A767EB118D03070E9796956D15D3B31892DDEFA028E9104D0EDCD1720B79C96BE17C810D530A0510632CE

[09/08/2026 23:30:10] Erreur lors de la connexion SMA:
	 Connect Timeout Error (attempted address: 192.168.0.194:80, timeout: 10000ms)
[09/08/2026 23:30:10] Erreur lors du fetch solaire: TypeError: Cannot read properties of null (reading 'err')
    at fetchSolarData (file:///data/src/plugins/Solar_Wash/modbus_solar.js:60:25)
    at process.processTicksAndRejections (node:internal/process/task_queues:103:5)
[10/08/2026 12:10:10] Erreur lors du fetch solaire: TypeError: fetch failed
    at node:internal/deps/undici/undici:15157:13
    at process.processTicksAndRejections (node:internal/process/task_queues:103:5)
    at async connectSMA (file:///data/src/plugins/Solar_Wash/modbus_solar.js:7:26)
    at async fetchSolarData (file:///data/src/plugins/Solar_Wash/modbus_solar.js:63:23) {
  [cause]: ConnectTimeoutError: Connect Timeout Error (attempted address: 192.168.0.194:80, timeout: 10000ms)
      at onConnectTimeout (node:internal/deps/undici/undici:2761:28)
      at Immediate._onImmediate (node:internal/deps/undici/undici:2742:11)
      at process.processImmediate (node:internal/timers:484:21) {
    code: 'UND_ERR_CONNECT_TIMEOUT',
    [Symbol(undici.error.UND_ERR)]: true,
    [Symbol(undici.error.UND_ERR_CONNECT_TIMEOUT)]: true
  }
}
[10/08/2026 16:53:35] Clim inaccessible au démarrage: Traceback (most recent call last):
  File "/root/.local/pipx/venvs/midea-beautiful-air/lib/python3.11/site-packages/midea_beautiful/lan.py", line 1014, in appliance_state
    response = sock.recv(512)
               ^^^^^^^^^^^^^^
TimeoutError: timed out

The above exception was the direct cause of the following exception:

Traceback (most recent call last):
  File "/root/.local/bin/midea-beautiful-air-cli", line 6, in <module>
    sys.exit(cli())
             ^^^^^
  File "/root/.local/pipx/venvs/midea-beautiful-air/lib/python3.11/site-packages/midea_beautiful/cli.py", line 357, in cli
    return function(args)
           ^^^^^^^^^^^^^^
  File "/root/.local/pipx/venvs/midea-beautiful-air/lib/python3.11/site-packages/midea_beautiful/cli.py", line 158, in _run_status_command
    appliance = appliance_state(
                ^^^^^^^^^^^^^^^^
  File "/root/.local/pipx/venvs/midea-beautiful-air/lib/python3.11/site-packages/midea_beautiful/lan.py", line 1038, in appliance_state
    raise MideaNetworkError(
midea_beautiful.exceptions.MideaNetworkError: Timeout while connecting to appliance 192.168.0.205:20086

[10/08/2026 18:25:11] Erreur lors de la connexion SMA:
	 Connect Timeout Error (attempted address: 192.168.0.194:80, timeout: 10000ms)
[10/08/2026 18:25:11] Erreur lors du fetch solaire: TypeError: Cannot read properties of null (reading 'err')
    at fetchSolarData (file:///data/src/plugins/Solar_Wash/modbus_solar.js:60:25)
    at process.processTicksAndRejections (node:internal/process/task_queues:103:5)
[10/08/2026 19:55:10] Erreur lors de la connexion SMA:
	 Connect Timeout Error (attempted address: 192.168.0.194:80, timeout: 10000ms)
[10/08/2026 19:55:10] Erreur lors du fetch solaire: TypeError: Cannot read properties of null (reading 'err')
    at fetchSolarData (file:///data/src/plugins/Solar_Wash/modbus_solar.js:60:25)
    at process.processTicksAndRejections (node:internal/process/task_queues:103:5)
[10/08/2026 21:20:10] Erreur lors de la connexion SMA:
	 Connect Timeout Error (attempted address: 192.168.0.194:80, timeout: 10000ms)
[10/08/2026 21:20:10] Erreur lors du fetch solaire: TypeError: Cannot read properties of null (reading 'err')
    at fetchSolarData (file:///data/src/plugins/Solar_Wash/modbus_solar.js:60:25)
    at process.processTicksAndRejections (node:internal/process/task_queues:103:5)
[10/08/2026 21:40:10] Erreur lors de la connexion SMA:
	 Connect Timeout Error (attempted address: 192.168.0.194:80, timeout: 10000ms)
[10/08/2026 21:40:10] Erreur lors du fetch solaire: TypeError: Cannot read properties of null (reading 'err')
    at fetchSolarData (file:///data/src/plugins/Solar_Wash/modbus_solar.js:60:25)
    at process.processTicksAndRejections (node:internal/process/task_queues:103:5)
[10/08/2026 22:30:10] Erreur lors de la connexion SMA:
	 Connect Timeout Error (attempted address: 192.168.0.194:80, timeout: 10000ms)
[10/08/2026 22:30:10] Erreur lors du fetch solaire: TypeError: Cannot read properties of null (reading 'err')
    at fetchSolarData (file:///data/src/plugins/Solar_Wash/modbus_solar.js:60:25)
    at process.processTicksAndRejections (node:internal/process/task_queues:103:5)
[13/08/2026 03:30:16] Clim inaccessible au démarrage: Traceback (most recent call last):
  File "/root/.local/pipx/venvs/midea-beautiful-air/lib/python3.11/site-packages/midea_beautiful/lan.py", line 1014, in appliance_state
    response = sock.recv(512)
               ^^^^^^^^^^^^^^
TimeoutError: timed out

The above exception was the direct cause of the following exception:

Traceback (most recent call last):
  File "/root/.local/bin/midea-beautiful-air-cli", line 6, in <module>
    sys.exit(cli())
             ^^^^^
  File "/root/.local/pipx/venvs/midea-beautiful-air/lib/python3.11/site-packages/midea_beautiful/cli.py", line 357, in cli
    return function(args)
           ^^^^^^^^^^^^^^
  File "/root/.local/pipx/venvs/midea-beautiful-air/lib/python3.11/site-packages/midea_beautiful/cli.py", line 158, in _run_status_command
    appliance = appliance_state(
                ^^^^^^^^^^^^^^^^
  File "/root/.local/pipx/venvs/midea-beautiful-air/lib/python3.11/site-packages/midea_beautiful/lan.py", line 1038, in appliance_state
    raise MideaNetworkError(
midea_beautiful.exceptions.MideaNetworkError: Timeout while connecting to appliance 192.168.0.205:20086

[13/08/2026 03:35:10] Erreur lors du fetch solaire: TypeError: fetch failed
    at node:internal/deps/undici/undici:15157:13
    at process.processTicksAndRejections (node:internal/process/task_queues:103:5)
    at async connectSMA (file:///data/src/plugins/Solar_Wash/modbus_solar.js:7:26)
    at async fetchSolarData (file:///data/src/plugins/Solar_Wash/modbus_solar.js:63:23) {
  [cause]: ConnectTimeoutError: Connect Timeout Error (attempted address: 192.168.0.194:80, timeout: 10000ms)
      at onConnectTimeout (node:internal/deps/undici/undici:2761:28)
      at Immediate._onImmediate (node:internal/deps/undici/undici:2742:11)
      at process.processImmediate (node:internal/timers:484:21) {
    code: 'UND_ERR_CONNECT_TIMEOUT',
    [Symbol(undici.error.UND_ERR)]: true,
    [Symbol(undici.error.UND_ERR_CONNECT_TIMEOUT)]: true
  }
}
[13/08/2026 03:39:34] Clim inaccessible au démarrage: Traceback (most recent call last):
  File "/root/.local/pipx/venvs/midea-beautiful-air/lib/python3.11/site-packages/midea_beautiful/lan.py", line 1014, in appliance_state
    response = sock.recv(512)
               ^^^^^^^^^^^^^^
TimeoutError: timed out

The above exception was the direct cause of the following exception:

Traceback (most recent call last):
  File "/root/.local/bin/midea-beautiful-air-cli", line 6, in <module>
    sys.exit(cli())
             ^^^^^
  File "/root/.local/pipx/venvs/midea-beautiful-air/lib/python3.11/site-packages/midea_beautiful/cli.py", line 357, in cli
    return function(args)
           ^^^^^^^^^^^^^^
  File "/root/.local/pipx/venvs/midea-beautiful-air/lib/python3.11/site-packages/midea_beautiful/cli.py", line 158, in _run_status_command
    appliance = appliance_state(
                ^^^^^^^^^^^^^^^^
  File "/root/.local/pipx/venvs/midea-beautiful-air/lib/python3.11/site-packages/midea_beautiful/lan.py", line 1038, in appliance_state
    raise MideaNetworkError(
midea_beautiful.exceptions.MideaNetworkError: Timeout while connecting to appliance 192.168.0.205:20086

[13/08/2026 03:40:10] Erreur lors du fetch solaire: TypeError: fetch failed
    at node:internal/deps/undici/undici:15157:13
    at process.processTicksAndRejections (node:internal/process/task_queues:103:5)
    at async connectSMA (file:///data/src/plugins/Solar_Wash/modbus_solar.js:7:26)
    at async fetchSolarData (file:///data/src/plugins/Solar_Wash/modbus_solar.js:63:23) {
  [cause]: ConnectTimeoutError: Connect Timeout Error (attempted address: 192.168.0.194:80, timeout: 10000ms)
      at onConnectTimeout (node:internal/deps/undici/undici:2761:28)
      at Immediate._onImmediate (node:internal/deps/undici/undici:2742:11)
      at process.processImmediate (node:internal/timers:484:21) {
    code: 'UND_ERR_CONNECT_TIMEOUT',
    [Symbol(undici.error.UND_ERR)]: true,
    [Symbol(undici.error.UND_ERR_CONNECT_TIMEOUT)]: true
  }
}
[13/08/2026 03:40:33] Clim inaccessible au démarrage: Traceback (most recent call last):
  File "/root/.local/pipx/venvs/midea-beautiful-air/lib/python3.11/site-packages/midea_beautiful/lan.py", line 1014, in appliance_state
    response = sock.recv(512)
               ^^^^^^^^^^^^^^
TimeoutError: timed out

The above exception was the direct cause of the following exception:

Traceback (most recent call last):
  File "/root/.local/bin/midea-beautiful-air-cli", line 6, in <module>
    sys.exit(cli())
             ^^^^^
  File "/root/.local/pipx/venvs/midea-beautiful-air/lib/python3.11/site-packages/midea_beautiful/cli.py", line 357, in cli
    return function(args)
           ^^^^^^^^^^^^^^
  File "/root/.local/pipx/venvs/midea-beautiful-air/lib/python3.11/site-packages/midea_beautiful/cli.py", line 158, in _run_status_command
    appliance = appliance_state(
                ^^^^^^^^^^^^^^^^
  File "/root/.local/pipx/venvs/midea-beautiful-air/lib/python3.11/site-packages/midea_beautiful/lan.py", line 1038, in appliance_state
    raise MideaNetworkError(
midea_beautiful.exceptions.MideaNetworkError: Timeout while connecting to appliance 192.168.0.205:20086

[13/08/2026 03:43:45] Clim inaccessible au démarrage: Traceback (most recent call last):
  File "/root/.local/pipx/venvs/midea-beautiful-air/lib/python3.11/site-packages/midea_beautiful/lan.py", line 1014, in appliance_state
    response = sock.recv(512)
               ^^^^^^^^^^^^^^
TimeoutError: timed out

The above exception was the direct cause of the following exception:

Traceback (most recent call last):
  File "/root/.local/bin/midea-beautiful-air-cli", line 6, in <module>
    sys.exit(cli())
             ^^^^^
  File "/root/.local/pipx/venvs/midea-beautiful-air/lib/python3.11/site-packages/midea_beautiful/cli.py", line 357, in cli
    return function(args)
           ^^^^^^^^^^^^^^
  File "/root/.local/pipx/venvs/midea-beautiful-air/lib/python3.11/site-packages/midea_beautiful/cli.py", line 158, in _run_status_command
    appliance = appliance_state(
                ^^^^^^^^^^^^^^^^
  File "/root/.local/pipx/venvs/midea-beautiful-air/lib/python3.11/site-packages/midea_beautiful/lan.py", line 1038, in appliance_state
    raise MideaNetworkError(
midea_beautiful.exceptions.MideaNetworkError: Timeout while connecting to appliance 192.168.0.205:20086

[13/08/2026 03:44:21] Clim inaccessible au démarrage: Error: Traceback (most recent call last):
  File "/root/.local/pipx/venvs/midea-beautiful-air/lib/python3.11/site-packages/midea_beautiful/lan.py", line 1014, in appliance_state
    response = sock.recv(512)
               ^^^^^^^^^^^^^^
TimeoutError: timed out

The above exception was the direct cause of the following exception:

Traceback (most recent call last):
  File "/root/.local/bin/midea-beautiful-air-cli", line 6, in <module>
    sys.exit(cli())
             ^^^^^
  File "/root/.local/pipx/venvs/midea-beautiful-air/lib/python3.11/site-packages/midea_beautiful/cli.py", line 357, in cli
    return function(args)
           ^^^^^^^^^^^^^^
  File "/root/.local/pipx/venvs/midea-beautiful-air/lib/python3.11/site-packages/midea_beautiful/cli.py", line 158, in _run_status_command
    appliance = appliance_state(
                ^^^^^^^^^^^^^^^^
  File "/root/.local/pipx/venvs/midea-beautiful-air/lib/python3.11/site-packages/midea_beautiful/lan.py", line 1038, in appliance_state
    raise MideaNetworkError(
midea_beautiful.exceptions.MideaNetworkError: Timeout while connecting to appliance 192.168.0.205:20086

    at file:///data/src/plugins/Clim/ClimHandler.js:23:26
    at ChildProcess.exithandler (node:child_process:424:5)
    at ChildProcess.emit (node:events:519:28)
    at maybeClose (node:internal/child_process:1101:16)
    at Socket.<anonymous> (node:internal/child_process:456:11)
    at Socket.emit (node:events:519:28)
    at Pipe.<anonymous> (node:net:347:12)
[13/08/2026 03:44:53] Clim inaccessible au démarrage: Error: Traceback (most recent call last):
  File "/root/.local/pipx/venvs/midea-beautiful-air/lib/python3.11/site-packages/midea_beautiful/lan.py", line 1014, in appliance_state
    response = sock.recv(512)
               ^^^^^^^^^^^^^^
TimeoutError: timed out

The above exception was the direct cause of the following exception:

Traceback (most recent call last):
  File "/root/.local/bin/midea-beautiful-air-cli", line 6, in <module>
    sys.exit(cli())
             ^^^^^
  File "/root/.local/pipx/venvs/midea-beautiful-air/lib/python3.11/site-packages/midea_beautiful/cli.py", line 357, in cli
    return function(args)
           ^^^^^^^^^^^^^^
  File "/root/.local/pipx/venvs/midea-beautiful-air/lib/python3.11/site-packages/midea_beautiful/cli.py", line 158, in _run_status_command
    appliance = appliance_state(
                ^^^^^^^^^^^^^^^^
  File "/root/.local/pipx/venvs/midea-beautiful-air/lib/python3.11/site-packages/midea_beautiful/lan.py", line 1038, in appliance_state
    raise MideaNetworkError(
midea_beautiful.exceptions.MideaNetworkError: Timeout while connecting to appliance 192.168.0.205:20086

    at file:///data/src/plugins/Clim/ClimHandler.js:23:26
    at ChildProcess.exithandler (node:child_process:424:5)
    at ChildProcess.emit (node:events:519:28)
    at maybeClose (node:internal/child_process:1101:16)
    at Socket.<anonymous> (node:internal/child_process:456:11)
    at Socket.emit (node:events:519:28)
    at Pipe.<anonymous> (node:net:347:12)
[13/08/2026 03:45:02] Clim status error: Traceback (most recent call last):
  File "/root/.local/pipx/venvs/midea-beautiful-air/lib/python3.11/site-packages/midea_beautiful/lan.py", line 1014, in appliance_state
    response = sock.recv(512)
               ^^^^^^^^^^^^^^
TimeoutError: timed out

The above exception was the direct cause of the following exception:

Traceback (most recent call last):
  File "/root/.local/bin/midea-beautiful-air-cli", line 6, in <module>
    sys.exit(cli())
             ^^^^^
  File "/root/.local/pipx/venvs/midea-beautiful-air/lib/python3.11/site-packages/midea_beautiful/cli.py", line 357, in cli
    return function(args)
           ^^^^^^^^^^^^^^
  File "/root/.local/pipx/venvs/midea-beautiful-air/lib/python3.11/site-packages/midea_beautiful/cli.py", line 158, in _run_status_command
    appliance = appliance_state(
                ^^^^^^^^^^^^^^^^
  File "/root/.local/pipx/venvs/midea-beautiful-air/lib/python3.11/site-packages/midea_beautiful/lan.py", line 1038, in appliance_state
    raise MideaNetworkError(
midea_beautiful.exceptions.MideaNetworkError: Timeout while connecting to appliance 192.168.0.205:20086

[13/08/2026 03:45:14] Clim inaccessible au démarrage: Error: Traceback (most recent call last):
  File "/root/.local/pipx/venvs/midea-beautiful-air/lib/python3.11/site-packages/midea_beautiful/lan.py", line 1014, in appliance_state
    response = sock.recv(512)
               ^^^^^^^^^^^^^^
TimeoutError: timed out

The above exception was the direct cause of the following exception:

Traceback (most recent call last):
  File "/root/.local/bin/midea-beautiful-air-cli", line 6, in <module>
    sys.exit(cli())
             ^^^^^
  File "/root/.local/pipx/venvs/midea-beautiful-air/lib/python3.11/site-packages/midea_beautiful/cli.py", line 357, in cli
    return function(args)
           ^^^^^^^^^^^^^^
  File "/root/.local/pipx/venvs/midea-beautiful-air/lib/python3.11/site-packages/midea_beautiful/cli.py", line 158, in _run_status_command
    appliance = appliance_state(
                ^^^^^^^^^^^^^^^^
  File "/root/.local/pipx/venvs/midea-beautiful-air/lib/python3.11/site-packages/midea_beautiful/lan.py", line 1038, in appliance_state
    raise MideaNetworkError(
midea_beautiful.exceptions.MideaNetworkError: Timeout while connecting to appliance 192.168.0.205:20086

    at file:///data/src/plugins/Clim/ClimHandler.js:23:26
    at ChildProcess.exithandler (node:child_process:424:5)
    at ChildProcess.emit (node:events:519:28)
    at maybeClose (node:internal/child_process:1101:16)
    at ChildProcess._handle.onexit (node:internal/child_process:304:5)
[13/08/2026 03:45:38] Clim status error: Traceback (most recent call last):
  File "/root/.local/pipx/venvs/midea-beautiful-air/lib/python3.11/site-packages/midea_beautiful/lan.py", line 1014, in appliance_state
    response = sock.recv(512)
               ^^^^^^^^^^^^^^
TimeoutError: timed out

The above exception was the direct cause of the following exception:

Traceback (most recent call last):
  File "/root/.local/bin/midea-beautiful-air-cli", line 6, in <module>
    sys.exit(cli())
             ^^^^^
  File "/root/.local/pipx/venvs/midea-beautiful-air/lib/python3.11/site-packages/midea_beautiful/cli.py", line 357, in cli
    return function(args)
           ^^^^^^^^^^^^^^
  File "/root/.local/pipx/venvs/midea-beautiful-air/lib/python3.11/site-packages/midea_beautiful/cli.py", line 158, in _run_status_command
    appliance = appliance_state(
                ^^^^^^^^^^^^^^^^
  File "/root/.local/pipx/venvs/midea-beautiful-air/lib/python3.11/site-packages/midea_beautiful/lan.py", line 1038, in appliance_state
    raise MideaNetworkError(
midea_beautiful.exceptions.MideaNetworkError: Timeout while connecting to appliance 192.168.0.205:20086

[13/08/2026 03:46:32] Clim status error: Traceback (most recent call last):
  File "/root/.local/pipx/venvs/midea-beautiful-air/lib/python3.11/site-packages/midea_beautiful/lan.py", line 1014, in appliance_state
    response = sock.recv(512)
               ^^^^^^^^^^^^^^
TimeoutError: timed out

The above exception was the direct cause of the following exception:

Traceback (most recent call last):
  File "/root/.local/bin/midea-beautiful-air-cli", line 6, in <module>
    sys.exit(cli())
             ^^^^^
  File "/root/.local/pipx/venvs/midea-beautiful-air/lib/python3.11/site-packages/midea_beautiful/cli.py", line 357, in cli
    return function(args)
           ^^^^^^^^^^^^^^
  File "/root/.local/pipx/venvs/midea-beautiful-air/lib/python3.11/site-packages/midea_beautiful/cli.py", line 158, in _run_status_command
    appliance = appliance_state(
                ^^^^^^^^^^^^^^^^
  File "/root/.local/pipx/venvs/midea-beautiful-air/lib/python3.11/site-packages/midea_beautiful/lan.py", line 1038, in appliance_state
    raise MideaNetworkError(
midea_beautiful.exceptions.MideaNetworkError: Timeout while connecting to appliance 192.168.0.205:20086

[13/08/2026 03:46:42] Clim status error: Traceback (most recent call last):
  File "/root/.local/pipx/venvs/midea-beautiful-air/lib/python3.11/site-packages/midea_beautiful/lan.py", line 1014, in appliance_state
    response = sock.recv(512)
               ^^^^^^^^^^^^^^
TimeoutError: timed out

The above exception was the direct cause of the following exception:

Traceback (most recent call last):
  File "/root/.local/bin/midea-beautiful-air-cli", line 6, in <module>
    sys.exit(cli())
             ^^^^^
  File "/root/.local/pipx/venvs/midea-beautiful-air/lib/python3.11/site-packages/midea_beautiful/cli.py", line 357, in cli
    return function(args)
           ^^^^^^^^^^^^^^
  File "/root/.local/pipx/venvs/midea-beautiful-air/lib/python3.11/site-packages/midea_beautiful/cli.py", line 158, in _run_status_command
    appliance = appliance_state(
                ^^^^^^^^^^^^^^^^
  File "/root/.local/pipx/venvs/midea-beautiful-air/lib/python3.11/site-packages/midea_beautiful/lan.py", line 1038, in appliance_state
    raise MideaNetworkError(
midea_beautiful.exceptions.MideaNetworkError: Timeout while connecting to appliance 192.168.0.205:20086

[13/08/2026 03:46:52] Clim status error: Traceback (most recent call last):
  File "/root/.local/pipx/venvs/midea-beautiful-air/lib/python3.11/site-packages/midea_beautiful/lan.py", line 1014, in appliance_state
    response = sock.recv(512)
               ^^^^^^^^^^^^^^
TimeoutError: timed out

The above exception was the direct cause of the following exception:

Traceback (most recent call last):
  File "/root/.local/bin/midea-beautiful-air-cli", line 6, in <module>
    sys.exit(cli())
             ^^^^^
  File "/root/.local/pipx/venvs/midea-beautiful-air/lib/python3.11/site-packages/midea_beautiful/cli.py", line 357, in cli
    return function(args)
           ^^^^^^^^^^^^^^
  File "/root/.local/pipx/venvs/midea-beautiful-air/lib/python3.11/site-packages/midea_beautiful/cli.py", line 158, in _run_status_command
    appliance = appliance_state(
                ^^^^^^^^^^^^^^^^
  File "/root/.local/pipx/venvs/midea-beautiful-air/lib/python3.11/site-packages/midea_beautiful/lan.py", line 1038, in appliance_state
    raise MideaNetworkError(
midea_beautiful.exceptions.MideaNetworkError: Timeout while connecting to appliance 192.168.0.205:20086

[13/08/2026 03:47:02] Clim status error: Traceback (most recent call last):
  File "/root/.local/pipx/venvs/midea-beautiful-air/lib/python3.11/site-packages/midea_beautiful/lan.py", line 1014, in appliance_state
    response = sock.recv(512)
               ^^^^^^^^^^^^^^
TimeoutError: timed out

The above exception was the direct cause of the following exception:

Traceback (most recent call last):
  File "/root/.local/bin/midea-beautiful-air-cli", line 6, in <module>
    sys.exit(cli())
             ^^^^^
  File "/root/.local/pipx/venvs/midea-beautiful-air/lib/python3.11/site-packages/midea_beautiful/cli.py", line 357, in cli
    return function(args)
           ^^^^^^^^^^^^^^
  File "/root/.local/pipx/venvs/midea-beautiful-air/lib/python3.11/site-packages/midea_beautiful/cli.py", line 158, in _run_status_command
    appliance = appliance_state(
                ^^^^^^^^^^^^^^^^
  File "/root/.local/pipx/venvs/midea-beautiful-air/lib/python3.11/site-packages/midea_beautiful/lan.py", line 1038, in appliance_state
    raise MideaNetworkError(
midea_beautiful.exceptions.MideaNetworkError: Timeout while connecting to appliance 192.168.0.205:20086

[13/08/2026 03:47:12] Clim status error: Traceback (most recent call last):
  File "/root/.local/pipx/venvs/midea-beautiful-air/lib/python3.11/site-packages/midea_beautiful/lan.py", line 1014, in appliance_state
    response = sock.recv(512)
               ^^^^^^^^^^^^^^
TimeoutError: timed out

The above exception was the direct cause of the following exception:

Traceback (most recent call last):
  File "/root/.local/bin/midea-beautiful-air-cli", line 6, in <module>
    sys.exit(cli())
             ^^^^^
  File "/root/.local/pipx/venvs/midea-beautiful-air/lib/python3.11/site-packages/midea_beautiful/cli.py", line 357, in cli
    return function(args)
           ^^^^^^^^^^^^^^
  File "/root/.local/pipx/venvs/midea-beautiful-air/lib/python3.11/site-packages/midea_beautiful/cli.py", line 158, in _run_status_command
    appliance = appliance_state(
                ^^^^^^^^^^^^^^^^
  File "/root/.local/pipx/venvs/midea-beautiful-air/lib/python3.11/site-packages/midea_beautiful/lan.py", line 1038, in appliance_state
    raise MideaNetworkError(
midea_beautiful.exceptions.MideaNetworkError: Timeout while connecting to appliance 192.168.0.205:20086

[13/08/2026 03:47:22] Clim status error: Traceback (most recent call last):
  File "/root/.local/pipx/venvs/midea-beautiful-air/lib/python3.11/site-packages/midea_beautiful/lan.py", line 1014, in appliance_state
    response = sock.recv(512)
               ^^^^^^^^^^^^^^
TimeoutError: timed out

The above exception was the direct cause of the following exception:

Traceback (most recent call last):
  File "/root/.local/bin/midea-beautiful-air-cli", line 6, in <module>
    sys.exit(cli())
             ^^^^^
  File "/root/.local/pipx/venvs/midea-beautiful-air/lib/python3.11/site-packages/midea_beautiful/cli.py", line 357, in cli
    return function(args)
           ^^^^^^^^^^^^^^
  File "/root/.local/pipx/venvs/midea-beautiful-air/lib/python3.11/site-packages/midea_beautiful/cli.py", line 158, in _run_status_command
    appliance = appliance_state(
                ^^^^^^^^^^^^^^^^
  File "/root/.local/pipx/venvs/midea-beautiful-air/lib/python3.11/site-packages/midea_beautiful/lan.py", line 1038, in appliance_state
    raise MideaNetworkError(
midea_beautiful.exceptions.MideaNetworkError: Timeout while connecting to appliance 192.168.0.205:20086

[13/08/2026 03:47:32] Clim status error: Traceback (most recent call last):
  File "/root/.local/pipx/venvs/midea-beautiful-air/lib/python3.11/site-packages/midea_beautiful/lan.py", line 1014, in appliance_state
    response = sock.recv(512)
               ^^^^^^^^^^^^^^
TimeoutError: timed out

The above exception was the direct cause of the following exception:

Traceback (most recent call last):
  File "/root/.local/bin/midea-beautiful-air-cli", line 6, in <module>
    sys.exit(cli())
             ^^^^^
  File "/root/.local/pipx/venvs/midea-beautiful-air/lib/python3.11/site-packages/midea_beautiful/cli.py", line 357, in cli
    return function(args)
           ^^^^^^^^^^^^^^
  File "/root/.local/pipx/venvs/midea-beautiful-air/lib/python3.11/site-packages/midea_beautiful/cli.py", line 158, in _run_status_command
    appliance = appliance_state(
                ^^^^^^^^^^^^^^^^
  File "/root/.local/pipx/venvs/midea-beautiful-air/lib/python3.11/site-packages/midea_beautiful/lan.py", line 1038, in appliance_state
    raise MideaNetworkError(
midea_beautiful.exceptions.MideaNetworkError: Timeout while connecting to appliance 192.168.0.205:20086

[13/08/2026 03:48:13] Clim inaccessible au démarrage: Traceback (most recent call last):
  File "/root/.local/pipx/venvs/midea-beautiful-air/lib/python3.11/site-packages/midea_beautiful/lan.py", line 1014, in appliance_state
    response = sock.recv(512)
               ^^^^^^^^^^^^^^
TimeoutError: timed out

The above exception was the direct cause of the following exception:

Traceback (most recent call last):
  File "/root/.local/bin/midea-beautiful-air-cli", line 6, in <module>
    sys.exit(cli())
             ^^^^^
  File "/root/.local/pipx/venvs/midea-beautiful-air/lib/python3.11/site-packages/midea_beautiful/cli.py", line 357, in cli
    return function(args)
           ^^^^^^^^^^^^^^
  File "/root/.local/pipx/venvs/midea-beautiful-air/lib/python3.11/site-packages/midea_beautiful/cli.py", line 158, in _run_status_command
    appliance = appliance_state(
                ^^^^^^^^^^^^^^^^
  File "/root/.local/pipx/venvs/midea-beautiful-air/lib/python3.11/site-packages/midea_beautiful/lan.py", line 1038, in appliance_state
    raise MideaNetworkError(
midea_beautiful.exceptions.MideaNetworkError: Timeout while connecting to appliance 192.168.0.205:20086

[13/08/2026 03:48:23] Clim status error: Traceback (most recent call last):
  File "/root/.local/pipx/venvs/midea-beautiful-air/lib/python3.11/site-packages/midea_beautiful/lan.py", line 1014, in appliance_state
    response = sock.recv(512)
               ^^^^^^^^^^^^^^
TimeoutError: timed out

The above exception was the direct cause of the following exception:

Traceback (most recent call last):
  File "/root/.local/bin/midea-beautiful-air-cli", line 6, in <module>
    sys.exit(cli())
             ^^^^^
  File "/root/.local/pipx/venvs/midea-beautiful-air/lib/python3.11/site-packages/midea_beautiful/cli.py", line 357, in cli
    return function(args)
           ^^^^^^^^^^^^^^
  File "/root/.local/pipx/venvs/midea-beautiful-air/lib/python3.11/site-packages/midea_beautiful/cli.py", line 158, in _run_status_command
    appliance = appliance_state(
                ^^^^^^^^^^^^^^^^
  File "/root/.local/pipx/venvs/midea-beautiful-air/lib/python3.11/site-packages/midea_beautiful/lan.py", line 1038, in appliance_state
    raise MideaNetworkError(
midea_beautiful.exceptions.MideaNetworkError: Timeout while connecting to appliance 192.168.0.205:20086

[13/08/2026 03:48:33] Clim status error: Traceback (most recent call last):
  File "/root/.local/pipx/venvs/midea-beautiful-air/lib/python3.11/site-packages/midea_beautiful/lan.py", line 1014, in appliance_state
    response = sock.recv(512)
               ^^^^^^^^^^^^^^
TimeoutError: timed out

The above exception was the direct cause of the following exception:

Traceback (most recent call last):
  File "/root/.local/bin/midea-beautiful-air-cli", line 6, in <module>
    sys.exit(cli())
             ^^^^^
  File "/root/.local/pipx/venvs/midea-beautiful-air/lib/python3.11/site-packages/midea_beautiful/cli.py", line 357, in cli
    return function(args)
           ^^^^^^^^^^^^^^
  File "/root/.local/pipx/venvs/midea-beautiful-air/lib/python3.11/site-packages/midea_beautiful/cli.py", line 158, in _run_status_command
    appliance = appliance_state(
                ^^^^^^^^^^^^^^^^
  File "/root/.local/pipx/venvs/midea-beautiful-air/lib/python3.11/site-packages/midea_beautiful/lan.py", line 1038, in appliance_state
    raise MideaNetworkError(
midea_beautiful.exceptions.MideaNetworkError: Timeout while connecting to appliance 192.168.0.205:20086

[13/08/2026 03:48:43] Clim status error: Traceback (most recent call last):
  File "/root/.local/pipx/venvs/midea-beautiful-air/lib/python3.11/site-packages/midea_beautiful/lan.py", line 1014, in appliance_state
    response = sock.recv(512)
               ^^^^^^^^^^^^^^
TimeoutError: timed out

The above exception was the direct cause of the following exception:

Traceback (most recent call last):
  File "/root/.local/bin/midea-beautiful-air-cli", line 6, in <module>
    sys.exit(cli())
             ^^^^^
  File "/root/.local/pipx/venvs/midea-beautiful-air/lib/python3.11/site-packages/midea_beautiful/cli.py", line 357, in cli
    return function(args)
           ^^^^^^^^^^^^^^
  File "/root/.local/pipx/venvs/midea-beautiful-air/lib/python3.11/site-packages/midea_beautiful/cli.py", line 158, in _run_status_command
    appliance = appliance_state(
                ^^^^^^^^^^^^^^^^
  File "/root/.local/pipx/venvs/midea-beautiful-air/lib/python3.11/site-packages/midea_beautiful/lan.py", line 1038, in appliance_state
    raise MideaNetworkError(
midea_beautiful.exceptions.MideaNetworkError: Timeout while connecting to appliance 192.168.0.205:20086

[13/08/2026 03:48:53] Clim status error: Traceback (most recent call last):
  File "/root/.local/pipx/venvs/midea-beautiful-air/lib/python3.11/site-packages/midea_beautiful/lan.py", line 1014, in appliance_state
    response = sock.recv(512)
               ^^^^^^^^^^^^^^
TimeoutError: timed out

The above exception was the direct cause of the following exception:

Traceback (most recent call last):
  File "/root/.local/bin/midea-beautiful-air-cli", line 6, in <module>
    sys.exit(cli())
             ^^^^^
  File "/root/.local/pipx/venvs/midea-beautiful-air/lib/python3.11/site-packages/midea_beautiful/cli.py", line 357, in cli
    return function(args)
           ^^^^^^^^^^^^^^
  File "/root/.local/pipx/venvs/midea-beautiful-air/lib/python3.11/site-packages/midea_beautiful/cli.py", line 158, in _run_status_command
    appliance = appliance_state(
                ^^^^^^^^^^^^^^^^
  File "/root/.local/pipx/venvs/midea-beautiful-air/lib/python3.11/site-packages/midea_beautiful/lan.py", line 1038, in appliance_state
    raise MideaNetworkError(
midea_beautiful.exceptions.MideaNetworkError: Timeout while connecting to appliance 192.168.0.205:20086

[13/08/2026 03:49:03] Clim status error: Traceback (most recent call last):
  File "/root/.local/pipx/venvs/midea-beautiful-air/lib/python3.11/site-packages/midea_beautiful/lan.py", line 1014, in appliance_state
    response = sock.recv(512)
               ^^^^^^^^^^^^^^
TimeoutError: timed out

The above exception was the direct cause of the following exception:

Traceback (most recent call last):
  File "/root/.local/bin/midea-beautiful-air-cli", line 6, in <module>
    sys.exit(cli())
             ^^^^^
  File "/root/.local/pipx/venvs/midea-beautiful-air/lib/python3.11/site-packages/midea_beautiful/cli.py", line 357, in cli
    return function(args)
           ^^^^^^^^^^^^^^
  File "/root/.local/pipx/venvs/midea-beautiful-air/lib/python3.11/site-packages/midea_beautiful/cli.py", line 158, in _run_status_command
    appliance = appliance_state(
                ^^^^^^^^^^^^^^^^
  File "/root/.local/pipx/venvs/midea-beautiful-air/lib/python3.11/site-packages/midea_beautiful/lan.py", line 1038, in appliance_state
    raise MideaNetworkError(
midea_beautiful.exceptions.MideaNetworkError: Timeout while connecting to appliance 192.168.0.205:20086

[13/08/2026 03:49:13] Clim status error: Traceback (most recent call last):
  File "/root/.local/pipx/venvs/midea-beautiful-air/lib/python3.11/site-packages/midea_beautiful/lan.py", line 1014, in appliance_state
    response = sock.recv(512)
               ^^^^^^^^^^^^^^
TimeoutError: timed out

The above exception was the direct cause of the following exception:

Traceback (most recent call last):
  File "/root/.local/bin/midea-beautiful-air-cli", line 6, in <module>
    sys.exit(cli())
             ^^^^^
  File "/root/.local/pipx/venvs/midea-beautiful-air/lib/python3.11/site-packages/midea_beautiful/cli.py", line 357, in cli
    return function(args)
           ^^^^^^^^^^^^^^
  File "/root/.local/pipx/venvs/midea-beautiful-air/lib/python3.11/site-packages/midea_beautiful/cli.py", line 158, in _run_status_command
    appliance = appliance_state(
                ^^^^^^^^^^^^^^^^
  File "/root/.local/pipx/venvs/midea-beautiful-air/lib/python3.11/site-packages/midea_beautiful/lan.py", line 1038, in appliance_state
    raise MideaNetworkError(
midea_beautiful.exceptions.MideaNetworkError: Timeout while connecting to appliance 192.168.0.205:20086

[13/08/2026 03:49:23] Clim status error: Traceback (most recent call last):
  File "/root/.local/pipx/venvs/midea-beautiful-air/lib/python3.11/site-packages/midea_beautiful/lan.py", line 1014, in appliance_state
    response = sock.recv(512)
               ^^^^^^^^^^^^^^
TimeoutError: timed out

The above exception was the direct cause of the following exception:

Traceback (most recent call last):
  File "/root/.local/bin/midea-beautiful-air-cli", line 6, in <module>
    sys.exit(cli())
             ^^^^^
  File "/root/.local/pipx/venvs/midea-beautiful-air/lib/python3.11/site-packages/midea_beautiful/cli.py", line 357, in cli
    return function(args)
           ^^^^^^^^^^^^^^
  File "/root/.local/pipx/venvs/midea-beautiful-air/lib/python3.11/site-packages/midea_beautiful/cli.py", line 158, in _run_status_command
    appliance = appliance_state(
                ^^^^^^^^^^^^^^^^
  File "/root/.local/pipx/venvs/midea-beautiful-air/lib/python3.11/site-packages/midea_beautiful/lan.py", line 1038, in appliance_state
    raise MideaNetworkError(
midea_beautiful.exceptions.MideaNetworkError: Timeout while connecting to appliance 192.168.0.205:20086

[13/08/2026 03:49:33] Clim status error: Traceback (most recent call last):
  File "/root/.local/pipx/venvs/midea-beautiful-air/lib/python3.11/site-packages/midea_beautiful/lan.py", line 1014, in appliance_state
    response = sock.recv(512)
               ^^^^^^^^^^^^^^
TimeoutError: timed out

The above exception was the direct cause of the following exception:

Traceback (most recent call last):
  File "/root/.local/bin/midea-beautiful-air-cli", line 6, in <module>
    sys.exit(cli())
             ^^^^^
  File "/root/.local/pipx/venvs/midea-beautiful-air/lib/python3.11/site-packages/midea_beautiful/cli.py", line 357, in cli
    return function(args)
           ^^^^^^^^^^^^^^
  File "/root/.local/pipx/venvs/midea-beautiful-air/lib/python3.11/site-packages/midea_beautiful/cli.py", line 158, in _run_status_command
    appliance = appliance_state(
                ^^^^^^^^^^^^^^^^
  File "/root/.local/pipx/venvs/midea-beautiful-air/lib/python3.11/site-packages/midea_beautiful/lan.py", line 1038, in appliance_state
    raise MideaNetworkError(
midea_beautiful.exceptions.MideaNetworkError: Timeout while connecting to appliance 192.168.0.205:20086

[13/08/2026 03:50:10] Erreur lors du fetch solaire: TypeError: fetch failed
    at node:internal/deps/undici/undici:15157:13
    at process.processTicksAndRejections (node:internal/process/task_queues:103:5)
    at async connectSMA (file:///data/src/plugins/Solar_Wash/modbus_solar.js:7:26)
    at async fetchSolarData (file:///data/src/plugins/Solar_Wash/modbus_solar.js:63:23) {
  [cause]: ConnectTimeoutError: Connect Timeout Error (attempted address: 192.168.0.194:80, timeout: 10000ms)
      at onConnectTimeout (node:internal/deps/undici/undici:2761:28)
      at Immediate._onImmediate (node:internal/deps/undici/undici:2742:11)
      at process.processImmediate (node:internal/timers:484:21) {
    code: 'UND_ERR_CONNECT_TIMEOUT',
    [Symbol(undici.error.UND_ERR)]: true,
    [Symbol(undici.error.UND_ERR_CONNECT_TIMEOUT)]: true
  }
}
[13/08/2026 03:50:34] Clim status error: Traceback (most recent call last):
  File "/root/.local/pipx/venvs/midea-beautiful-air/lib/python3.11/site-packages/midea_beautiful/lan.py", line 1014, in appliance_state
    response = sock.recv(512)
               ^^^^^^^^^^^^^^
TimeoutError: timed out

The above exception was the direct cause of the following exception:

Traceback (most recent call last):
  File "/root/.local/bin/midea-beautiful-air-cli", line 6, in <module>
    sys.exit(cli())
             ^^^^^
  File "/root/.local/pipx/venvs/midea-beautiful-air/lib/python3.11/site-packages/midea_beautiful/cli.py", line 357, in cli
    return function(args)
           ^^^^^^^^^^^^^^
  File "/root/.local/pipx/venvs/midea-beautiful-air/lib/python3.11/site-packages/midea_beautiful/cli.py", line 158, in _run_status_command
    appliance = appliance_state(
                ^^^^^^^^^^^^^^^^
  File "/root/.local/pipx/venvs/midea-beautiful-air/lib/python3.11/site-packages/midea_beautiful/lan.py", line 1038, in appliance_state
    raise MideaNetworkError(
midea_beautiful.exceptions.MideaNetworkError: Timeout while connecting to appliance 192.168.0.205:20086

[13/08/2026 03:50:42] Clim inaccessible au démarrage: Traceback (most recent call last):
  File "/root/.local/pipx/venvs/midea-beautiful-air/lib/python3.11/site-packages/midea_beautiful/lan.py", line 1014, in appliance_state
    response = sock.recv(512)
               ^^^^^^^^^^^^^^
TimeoutError: timed out

The above exception was the direct cause of the following exception:

Traceback (most recent call last):
  File "/root/.local/bin/midea-beautiful-air-cli", line 6, in <module>
    sys.exit(cli())
             ^^^^^
  File "/root/.local/pipx/venvs/midea-beautiful-air/lib/python3.11/site-packages/midea_beautiful/cli.py", line 357, in cli
    return function(args)
           ^^^^^^^^^^^^^^
  File "/root/.local/pipx/venvs/midea-beautiful-air/lib/python3.11/site-packages/midea_beautiful/cli.py", line 158, in _run_status_command
    appliance = appliance_state(
                ^^^^^^^^^^^^^^^^
  File "/root/.local/pipx/venvs/midea-beautiful-air/lib/python3.11/site-packages/midea_beautiful/lan.py", line 1038, in appliance_state
    raise MideaNetworkError(
midea_beautiful.exceptions.MideaNetworkError: Timeout while connecting to appliance 192.168.0.205:20086

[13/08/2026 03:51:14] Clim inaccessible au démarrage: Traceback (most recent call last):
  File "/root/.local/pipx/venvs/midea-beautiful-air/lib/python3.11/site-packages/midea_beautiful/lan.py", line 1014, in appliance_state
    response = sock.recv(512)
               ^^^^^^^^^^^^^^
TimeoutError: timed out

The above exception was the direct cause of the following exception:

Traceback (most recent call last):
  File "/root/.local/bin/midea-beautiful-air-cli", line 6, in <module>
    sys.exit(cli())
             ^^^^^
  File "/root/.local/pipx/venvs/midea-beautiful-air/lib/python3.11/site-packages/midea_beautiful/cli.py", line 357, in cli
    return function(args)
           ^^^^^^^^^^^^^^
  File "/root/.local/pipx/venvs/midea-beautiful-air/lib/python3.11/site-packages/midea_beautiful/cli.py", line 158, in _run_status_command
    appliance = appliance_state(
                ^^^^^^^^^^^^^^^^
  File "/root/.local/pipx/venvs/midea-beautiful-air/lib/python3.11/site-packages/midea_beautiful/lan.py", line 1038, in appliance_state
    raise MideaNetworkError(
midea_beautiful.exceptions.MideaNetworkError: Timeout while connecting to appliance 192.168.0.205:20086

[13/08/2026 03:51:36] Clim status error: Traceback (most recent call last):
  File "/root/.local/pipx/venvs/midea-beautiful-air/lib/python3.11/site-packages/midea_beautiful/lan.py", line 1014, in appliance_state
    response = sock.recv(512)
               ^^^^^^^^^^^^^^
TimeoutError: timed out

The above exception was the direct cause of the following exception:

Traceback (most recent call last):
  File "/root/.local/bin/midea-beautiful-air-cli", line 6, in <module>
    sys.exit(cli())
             ^^^^^
  File "/root/.local/pipx/venvs/midea-beautiful-air/lib/python3.11/site-packages/midea_beautiful/cli.py", line 357, in cli
    return function(args)
           ^^^^^^^^^^^^^^
  File "/root/.local/pipx/venvs/midea-beautiful-air/lib/python3.11/site-packages/midea_beautiful/cli.py", line 158, in _run_status_command
    appliance = appliance_state(
                ^^^^^^^^^^^^^^^^
  File "/root/.local/pipx/venvs/midea-beautiful-air/lib/python3.11/site-packages/midea_beautiful/lan.py", line 1038, in appliance_state
    raise MideaNetworkError(
midea_beautiful.exceptions.MideaNetworkError: Timeout while connecting to appliance 192.168.0.205:20086

[13/08/2026 03:51:46] Clim inaccessible au démarrage: Timeout while connecting to appliance 192.168.0.205:20086
[13/08/2026 03:52:04] Clim inaccessible au démarrage: Timeout while connecting to appliance 192.168.0.205:20086
[13/08/2026 03:52:24] Clim status error: Timeout while connecting to appliance 192.168.0.205:20086
[13/08/2026 03:52:34] Clim status error: Timeout while connecting to appliance 192.168.0.205:20086
[13/08/2026 03:52:44] Clim status error: Timeout while connecting to appliance 192.168.0.205:20086
[13/08/2026 03:52:54] Clim status error: Timeout while connecting to appliance 192.168.0.205:20086
[13/08/2026 03:53:04] Clim status error: Timeout while connecting to appliance 192.168.0.205:20086
[13/08/2026 03:53:14] Clim status error: Timeout while connecting to appliance 192.168.0.205:20086
[13/08/2026 03:53:24] Clim status error: Timeout while connecting to appliance 192.168.0.205:20086
[13/08/2026 03:53:34] Clim status error: Timeout while connecting to appliance 192.168.0.205:20086
[13/08/2026 14:10:43] Clim inaccessible au démarrage: Timeout while connecting to appliance 192.168.0.205:20086
[13/08/2026 14:10:48] Clim status error: Timeout while connecting to appliance 192.168.0.205:20086
[13/08/2026 14:10:53] Clim status error: Timeout while connecting to appliance 192.168.0.205:20086
[13/08/2026 14:10:59] Clim status error: Timeout while connecting to appliance 192.168.0.205:20086
[13/08/2026 14:11:01] Clim status error: Timeout while connecting to appliance 192.168.0.205:20086
[13/08/2026 14:11:11] Clim status error: Timeout while connecting to appliance 192.168.0.205:20086
[13/08/2026 14:11:21] Clim status error: Timeout while connecting to appliance 192.168.0.205:20086
[13/08/2026 14:11:31] Clim status error: Timeout while connecting to appliance 192.168.0.205:20086
[13/08/2026 14:11:41] Clim status error: Timeout while connecting to appliance 192.168.0.205:20086
[13/08/2026 14:11:51] Clim status error: Timeout while connecting to appliance 192.168.0.205:20086
[13/08/2026 14:12:01] Clim status error: Timeout while connecting to appliance 192.168.0.205:20086
[13/08/2026 14:12:11] Clim status error: Timeout while connecting to appliance 192.168.0.205:20086
[13/08/2026 14:12:17] Clim inaccessible au démarrage: Timeout while connecting to appliance 192.168.0.205:20086
[13/08/2026 14:12:21] Clim status error: Timeout while connecting to appliance 192.168.0.205:20086
[13/08/2026 14:12:22] Clim status error: Timeout while connecting to appliance 192.168.0.205:20086
[13/08/2026 14:12:32] Clim status error: Timeout while connecting to appliance 192.168.0.205:20086
[13/08/2026 14:12:42] Clim status error: Timeout while connecting to appliance 192.168.0.205:20086
[13/08/2026 14:12:52] Clim status error: Timeout while connecting to appliance 192.168.0.205:20086
[13/08/2026 14:13:02] Clim status error: Timeout while connecting to appliance 192.168.0.205:20086



[13/08/2026 14:13:09] Clim inaccessible au démarrage: Timeout while connecting to appliance 192.168.0.205:20086
[13/08/2026 14:13:09] Clim status error: midea-beautiful-air-cli status --ip 192.168.0.205 --key 0b1ea4216f9a4cc18fe278186db1445b63f468cc609e4a87a7e329914f0f54dc --token 57990FD6230F4A418DA83F3CB4D45D8D0D366950C87A767EB118D03070E9796956D15D3B31892DDEFA028E9104D0EDCD1720B79C96BE17C810D530A0510632CE
[13/08/2026 14:13:14] Clim inaccessible au démarrage: Timeout while connecting to appliance 192.168.0.205:20086
[13/08/2026 14:13:22] Clim status error: Timeout while connecting to appliance 192.168.0.205:20086
[13/08/2026 14:13:32] Clim status error: Timeout while connecting to appliance 192.168.0.205:20086
[13/08/2026 14:13:42] Clim status error: Timeout while connecting to appliance 192.168.0.205:20086
[13/08/2026 14:13:50] Clim inaccessible au démarrage: Timeout while connecting to appliance 192.168.0.205:20086
[13/08/2026 14:13:52] Clim status error: Timeout while connecting to appliance 192.168.0.205:20086
[13/08/2026 14:14:00] Clim status error: midea-beautiful-air-cli status --ip 192.168.0.205 --key 0b1ea4216f9a4cc18fe278186db1445b63f468cc609e4a87a7e329914f0f54dc --token 57990FD6230F4A418DA83F3CB4D45D8D0D366950C87A767EB118D03070E9796956D15D3B31892DDEFA028E9104D0EDCD1720B79C96BE17C810D530A0510632CE
[13/08/2026 14:14:05] Clim inaccessible au démarrage: Timeout while connecting to appliance 192.168.0.205:20086
[13/08/2026 14:14:12] Clim status error: Timeout while connecting to appliance 192.168.0.205:20086
[13/08/2026 14:14:22] Clim status error: Timeout while connecting to appliance 192.168.0.205:20086
[13/08/2026 14:14:29] Clim status error: midea-beautiful-air-cli status --ip 192.168.0.205 --key 0b1ea4216f9a4cc18fe278186db1445b63f468cc609e4a87a7e329914f0f54dc --token 57990FD6230F4A418DA83F3CB4D45D8D0D366950C87A767EB118D03070E9796956D15D3B31892DDEFA028E9104D0EDCD1720B79C96BE17C810D530A0510632CE
[13/08/2026 14:14:33] Clim inaccessible au démarrage: Timeout while connecting to appliance 192.168.0.205:20086
[13/08/2026 14:14:42] Clim status error: Timeout while connecting to appliance 192.168.0.205:20086
[13/08/2026 14:14:52] Clim status error: Timeout while connecting to appliance 192.168.0.205:20086
[13/08/2026 14:15:02] Clim inaccessible au démarrage: Timeout while connecting to appliance 192.168.0.205:20086
[13/08/2026 14:15:02] Clim status error: Timeout while connecting to appliance 192.168.0.205:20086
[13/08/2026 14:15:10] Erreur lors du fetch solaire: TypeError: fetch failed
    at node:internal/deps/undici/undici:15157:13
    at process.processTicksAndRejections (node:internal/process/task_queues:103:5)
    at async connectSMA (file:///data/src/plugins/Solar_Wash/modbus_solar.js:7:26)
    at async fetchSolarData (file:///data/src/plugins/Solar_Wash/modbus_solar.js:63:23) {
  [cause]: ConnectTimeoutError: Connect Timeout Error (attempted address: 192.168.0.194:80, timeout: 10000ms)
      at onConnectTimeout (node:internal/deps/undici/undici:2761:28)
      at Immediate._onImmediate (node:internal/deps/undici/undici:2742:11)
      at process.processImmediate (node:internal/timers:484:21) {
    code: 'UND_ERR_CONNECT_TIMEOUT',
    [Symbol(undici.error.UND_ERR)]: true,
    [Symbol(undici.error.UND_ERR_CONNECT_TIMEOUT)]: true
  }
}
[13/08/2026 14:15:12] Clim status error: Timeout while connecting to appliance 192.168.0.205:20086
[13/08/2026 14:15:31] Clim status error: Timeout while connecting to appliance 192.168.0.205:20086
[13/08/2026 14:15:35] Clim status error: Timeout while connecting to appliance 192.168.0.205:20086
[13/08/2026 14:15:42] Clim status error: Timeout while connecting to appliance 192.168.0.205:20086
[13/08/2026 14:15:52] Clim status error: Timeout while connecting to appliance 192.168.0.205:20086
[13/08/2026 14:16:02] Clim status error: Timeout while connecting to appliance 192.168.0.205:20086
[13/08/2026 14:16:12] Clim status error: Timeout while connecting to appliance 192.168.0.205:20086
[13/08/2026 14:16:18] Clim inaccessible au démarrage: Timeout while connecting to appliance 192.168.0.205:20086
[13/08/2026 14:16:22] Clim status error: Timeout while connecting to appliance 192.168.0.205:20086
[13/08/2026 14:16:22] Clim status error: Timeout while connecting to appliance 192.168.0.205:20086
[13/08/2026 14:16:27] Clim inaccessible au démarrage: Timeout while connecting to appliance 192.168.0.205:20086
[13/08/2026 14:16:32] Clim status error: Timeout while connecting to appliance 192.168.0.205:20086
[13/08/2026 14:16:42] Clim status error: Timeout while connecting to appliance 192.168.0.205:20086
[13/08/2026 14:16:51] Clim status error: midea-beautiful-air-cli status --ip 192.168.0.205 --key 0b1ea4216f9a4cc18fe278186db1445b63f468cc609e4a87a7e329914f0f54dc --token 57990FD6230F4A418DA83F3CB4D45D8D0D366950C87A767EB118D03070E9796956D15D3B31892DDEFA028E9104D0EDCD1720B79C96BE17C810D530A0510632CE
[13/08/2026 14:16:56] Clim inaccessible au démarrage: Timeout while connecting to appliance 192.168.0.205:20086
[13/08/2026 14:17:02] Clim status error: Timeout while connecting to appliance 192.168.0.205:20086
[13/08/2026 14:17:13] Clim status error: Timeout while connecting to appliance 192.168.0.205:20086
[13/08/2026 14:17:22] Clim status error: Timeout while connecting to appliance 192.168.0.205:20086
[13/08/2026 14:17:32] Clim status error: Timeout while connecting to appliance 192.168.0.205:20086
[13/08/2026 14:17:42] Clim status error: Timeout while connecting to appliance 192.168.0.205:20086
[13/08/2026 14:17:52] Clim status error: Timeout while connecting to appliance 192.168.0.205:20086
[13/08/2026 14:18:02] Clim status error: Timeout while connecting to appliance 192.168.0.205:20086
[13/08/2026 14:18:41] Clim status error: Timeout while connecting to appliance 192.168.0.205:20086
[13/08/2026 14:19:24] Clim inaccessible au démarrage: Timeout while connecting to appliance 192.168.0.205:20086
[13/08/2026 14:19:40] Clim status error: Timeout while connecting to appliance 192.168.0.205:20086
[13/08/2026 14:19:42] Clim status error: Timeout while connecting to appliance 192.168.0.205:20086
[13/08/2026 14:19:53] Clim status error: Timeout while connecting to appliance 192.168.0.205:20086
[13/08/2026 14:19:59] Clim status error: midea-beautiful-air-cli status --ip 192.168.0.205 --key 0b1ea4216f9a4cc18fe278186db1445b63f468cc609e4a87a7e329914f0f54dc --token 57990FD6230F4A418DA83F3CB4D45D8D0D366950C87A767EB118D03070E9796956D15D3B31892DDEFA028E9104D0EDCD1720B79C96BE17C810D530A0510632CE
[13/08/2026 14:20:04] Clim inaccessible au démarrage: Timeout while connecting to appliance 192.168.0.205:20086
[13/08/2026 14:20:13] Clim status error: Timeout while connecting to appliance 192.168.0.205:20086
[13/08/2026 14:20:23] Clim status error: Timeout while connecting to appliance 192.168.0.205:20086
[13/08/2026 14:20:33] Clim status error: Timeout while connecting to appliance 192.168.0.205:20086
[13/08/2026 14:20:43] Clim status error: Timeout while connecting to appliance 192.168.0.205:20086
[13/08/2026 14:20:53] Clim status error: Timeout while connecting to appliance 192.168.0.205:20086
[13/08/2026 14:21:03] Clim status error: Timeout while connecting to appliance 192.168.0.205:20086
[13/08/2026 14:21:41] Clim status error: Timeout while connecting to appliance 192.168.0.205:20086
[13/08/2026 14:22:41] Clim status error: Timeout while connecting to appliance 192.168.0.205:20086
[13/08/2026 14:23:41] Clim status error: Timeout while connecting to appliance 192.168.0.205:20086
[13/08/2026 14:24:41] Clim status error: Timeout while connecting to appliance 192.168.0.205:20086
[13/08/2026 14:24:41] Clim status error: Timeout while connecting to appliance 192.168.0.205:20086
[13/08/2026 14:24:52] Clim status error: Timeout while connecting to appliance 192.168.0.205:20086
[13/08/2026 14:24:56] Clim status error: Timeout while connecting to appliance 192.168.0.205:20086
[13/08/2026 14:25:04] Clim status error: Timeout while connecting to appliance 192.168.0.205:20086
[13/08/2026 14:25:10] Erreur lors du fetch solaire: TypeError: fetch failed
    at node:internal/deps/undici/undici:15157:13
    at process.processTicksAndRejections (node:internal/process/task_queues:103:5)
    at async connectSMA (file:///data/src/plugins/Solar_Wash/modbus_solar.js:7:26)
    at async fetchSolarData (file:///data/src/plugins/Solar_Wash/modbus_solar.js:63:23) {
  [cause]: ConnectTimeoutError: Connect Timeout Error (attempted address: 192.168.0.194:80, timeout: 10000ms)
      at onConnectTimeout (node:internal/deps/undici/undici:2761:28)
      at Immediate._onImmediate (node:internal/deps/undici/undici:2742:11)
      at process.processImmediate (node:internal/timers:484:21) {
    code: 'UND_ERR_CONNECT_TIMEOUT',
    [Symbol(undici.error.UND_ERR)]: true,
    [Symbol(undici.error.UND_ERR_CONNECT_TIMEOUT)]: true
  }
}
[13/08/2026 14:25:14] Clim status error: Timeout while connecting to appliance 192.168.0.205:20086
[13/08/2026 14:25:24] Clim status error: Timeout while connecting to appliance 192.168.0.205:20086
[13/08/2026 14:25:34] Clim status error: Timeout while connecting to appliance 192.168.0.205:20086
[13/08/2026 14:51:43] Clim inaccessible au démarrage: Timeout while connecting to appliance 192.168.0.205:20086
[13/08/2026 14:52:09] Clim inaccessible au démarrage: Timeout while connecting to appliance 192.168.0.205:20086
[13/08/2026 14:53:08] Clim inaccessible au démarrage: Timeout while connecting to appliance 192.168.0.205:20086
[13/08/2026 14:54:01] Clim inaccessible au démarrage: Timeout while connecting to appliance 192.168.0.205:20086
[13/08/2026 15:02:38] Clim inaccessible au démarrage: Timeout while connecting to appliance 192.168.0.205:20086
[13/08/2026 15:07:01] Clim inaccessible au démarrage: Timeout while connecting to appliance 192.168.0.205:20086
[13/08/2026 15:08:57] Clim inaccessible au démarrage: Timeout while connecting to appliance 192.168.0.205:20086
[13/08/2026 15:10:10] Erreur lors du fetch solaire: TypeError: fetch failed
    at node:internal/deps/undici/undici:15157:13
    at process.processTicksAndRejections (node:internal/process/task_queues:103:5)
    at async connectSMA (file:///data/src/plugins/Solar_Wash/modbus_solar.js:7:26)
    at async fetchSolarData (file:///data/src/plugins/Solar_Wash/modbus_solar.js:63:23) {
  [cause]: ConnectTimeoutError: Connect Timeout Error (attempted address: 192.168.0.194:80, timeout: 10000ms)
      at onConnectTimeout (node:internal/deps/undici/undici:2761:28)
      at Immediate._onImmediate (node:internal/deps/undici/undici:2742:11)
      at process.processImmediate (node:internal/timers:484:21) {
    code: 'UND_ERR_CONNECT_TIMEOUT',
    [Symbol(undici.error.UND_ERR)]: true,
    [Symbol(undici.error.UND_ERR_CONNECT_TIMEOUT)]: true
  }
}
